readlink(link)
errno: No error information

readlink(file)
errno: Invalid argument
not a link

readlink(folder)
errno: Invalid argument
not a link

symlink/overwrite

symlink/normal

readlink(created link)

readlink(short buffer)
